// Jest Snapshot v1, https://goo.gl/fbAQLP

exports[`MenuListRow should render a single menu item 1`] = `
ShallowWrapper {
  Symbol(enzyme.__root__): [Circular],
  Symbol(enzyme.__unrendered__): <MenuListRow
    canCheckMeal={false}
    meal={
        Object {
            "id": 2,
            "isChecked": true,
            "name": "Naan",
            "price": 12,
          }
    }
    toggleCheckBoxChange={[Function]}
/>,
  Symbol(enzyme.__renderer__): Object {
    "batchedUpdates": [Function],
    "getNode": [Function],
    "render": [Function],
    "simulateError": [Function],
    "simulateEvent": [Function],
    "unmount": [Function],
  },
  Symbol(enzyme.__node__): Object {
    "instance": null,
    "key": undefined,
    "nodeType": "host",
    "props": Object {
      "children": Array [
        <td>
          <CheckBoxInput
                    id={2}
                    isChecked={true}
                    name="Naan"
                    onCheckboxChange={[Function]}
          />
</td>,
        <td>
          Naan
</td>,
        <td>
          $
          12
</td>,
      ],
    },
    "ref": null,
    "rendered": Array [
      Object {
        "instance": null,
        "key": undefined,
        "nodeType": "host",
        "props": Object {
          "children": <CheckBoxInput
            id={2}
            isChecked={true}
            name="Naan"
            onCheckboxChange={[Function]}
/>,
        },
        "ref": null,
        "rendered": Object {
          "instance": null,
          "key": "2",
          "nodeType": "function",
          "props": Object {
            "id": 2,
            "isChecked": true,
            "name": "Naan",
            "onCheckboxChange": [Function],
          },
          "ref": null,
          "rendered": null,
          "type": [Function],
        },
        "type": "td",
      },
      Object {
        "instance": null,
        "key": undefined,
        "nodeType": "host",
        "props": Object {
          "children": "Naan",
        },
        "ref": null,
        "rendered": "Naan",
        "type": "td",
      },
      Object {
        "instance": null,
        "key": undefined,
        "nodeType": "host",
        "props": Object {
          "children": Array [
            "$",
            12,
          ],
        },
        "ref": null,
        "rendered": Array [
          "$",
          12,
        ],
        "type": "td",
      },
    ],
    "type": "tr",
  },
  Symbol(enzyme.__nodes__): Array [
    Object {
      "instance": null,
      "key": undefined,
      "nodeType": "host",
      "props": Object {
        "children": Array [
          <td>
            <CheckBoxInput
                        id={2}
                        isChecked={true}
                        name="Naan"
                        onCheckboxChange={[Function]}
            />
</td>,
          <td>
            Naan
</td>,
          <td>
            $
            12
</td>,
        ],
      },
      "ref": null,
      "rendered": Array [
        Object {
          "instance": null,
          "key": undefined,
          "nodeType": "host",
          "props": Object {
            "children": <CheckBoxInput
              id={2}
              isChecked={true}
              name="Naan"
              onCheckboxChange={[Function]}
/>,
          },
          "ref": null,
          "rendered": Object {
            "instance": null,
            "key": "2",
            "nodeType": "function",
            "props": Object {
              "id": 2,
              "isChecked": true,
              "name": "Naan",
              "onCheckboxChange": [Function],
            },
            "ref": null,
            "rendered": null,
            "type": [Function],
          },
          "type": "td",
        },
        Object {
          "instance": null,
          "key": undefined,
          "nodeType": "host",
          "props": Object {
            "children": "Naan",
          },
          "ref": null,
          "rendered": "Naan",
          "type": "td",
        },
        Object {
          "instance": null,
          "key": undefined,
          "nodeType": "host",
          "props": Object {
            "children": Array [
              "$",
              12,
            ],
          },
          "ref": null,
          "rendered": Array [
            "$",
            12,
          ],
          "type": "td",
        },
      ],
      "type": "tr",
    },
  ],
  Symbol(enzyme.__options__): Object {
    "adapter": ReactSixteenAdapter {
      "options": Object {
        "enableComponentDidUpdateOnSetState": true,
        "lifecycles": Object {
          "componentDidUpdate": Object {
            "onSetState": true,
          },
          "getDerivedStateFromProps": true,
          "getSnapshotBeforeUpdate": true,
          "setState": Object {
            "skipsComponentDidUpdateOnNullish": true,
          },
        },
      },
    },
    "attachTo": undefined,
    "hydrateIn": undefined,
  },
}
`;
