// Jest Snapshot v1, https://goo.gl/fbAQLP

exports[`OrderListRow should render a single order 1`] = `
ShallowWrapper {
  Symbol(enzyme.__root__): [Circular],
  Symbol(enzyme.__unrendered__): <OrderListRow
    isAdminView={true}
    order={
        Object {
            "customer": Object {
              "firstName": "John",
              "id": 1,
              "lastName": "Doe",
            },
            "id": 1,
            "meal": Object {
              "name": "Rice",
              "price": 10,
            },
          }
    }
    toggleCheckBoxChange={[Function]}
/>,
  Symbol(enzyme.__renderer__): Object {
    "batchedUpdates": [Function],
    "getNode": [Function],
    "render": [Function],
    "simulateError": [Function],
    "simulateEvent": [Function],
    "unmount": [Function],
  },
  Symbol(enzyme.__node__): Object {
    "instance": null,
    "key": undefined,
    "nodeType": "host",
    "props": Object {
      "children": Array [
        <td>
          <CheckBoxInput
                    id={1}
                    isChecked={undefined}
                    name="Rice"
                    onCheckboxChange={[Function]}
          />
</td>,
        <td>
          Rice
</td>,
        <td>
          $
          10
</td>,
        <td>
          John
</td>,
      ],
    },
    "ref": null,
    "rendered": Array [
      Object {
        "instance": null,
        "key": undefined,
        "nodeType": "host",
        "props": Object {
          "children": <CheckBoxInput
            id={1}
            isChecked={undefined}
            name="Rice"
            onCheckboxChange={[Function]}
/>,
        },
        "ref": null,
        "rendered": Object {
          "instance": null,
          "key": "1",
          "nodeType": "function",
          "props": Object {
            "id": 1,
            "isChecked": undefined,
            "name": "Rice",
            "onCheckboxChange": [Function],
          },
          "ref": null,
          "rendered": null,
          "type": [Function],
        },
        "type": "td",
      },
      Object {
        "instance": null,
        "key": undefined,
        "nodeType": "host",
        "props": Object {
          "children": "Rice",
        },
        "ref": null,
        "rendered": "Rice",
        "type": "td",
      },
      Object {
        "instance": null,
        "key": undefined,
        "nodeType": "host",
        "props": Object {
          "children": Array [
            "$",
            10,
          ],
        },
        "ref": null,
        "rendered": Array [
          "$",
          10,
        ],
        "type": "td",
      },
      Object {
        "instance": null,
        "key": undefined,
        "nodeType": "host",
        "props": Object {
          "children": "John",
        },
        "ref": null,
        "rendered": "John",
        "type": "td",
      },
    ],
    "type": "tr",
  },
  Symbol(enzyme.__nodes__): Array [
    Object {
      "instance": null,
      "key": undefined,
      "nodeType": "host",
      "props": Object {
        "children": Array [
          <td>
            <CheckBoxInput
                        id={1}
                        isChecked={undefined}
                        name="Rice"
                        onCheckboxChange={[Function]}
            />
</td>,
          <td>
            Rice
</td>,
          <td>
            $
            10
</td>,
          <td>
            John
</td>,
        ],
      },
      "ref": null,
      "rendered": Array [
        Object {
          "instance": null,
          "key": undefined,
          "nodeType": "host",
          "props": Object {
            "children": <CheckBoxInput
              id={1}
              isChecked={undefined}
              name="Rice"
              onCheckboxChange={[Function]}
/>,
          },
          "ref": null,
          "rendered": Object {
            "instance": null,
            "key": "1",
            "nodeType": "function",
            "props": Object {
              "id": 1,
              "isChecked": undefined,
              "name": "Rice",
              "onCheckboxChange": [Function],
            },
            "ref": null,
            "rendered": null,
            "type": [Function],
          },
          "type": "td",
        },
        Object {
          "instance": null,
          "key": undefined,
          "nodeType": "host",
          "props": Object {
            "children": "Rice",
          },
          "ref": null,
          "rendered": "Rice",
          "type": "td",
        },
        Object {
          "instance": null,
          "key": undefined,
          "nodeType": "host",
          "props": Object {
            "children": Array [
              "$",
              10,
            ],
          },
          "ref": null,
          "rendered": Array [
            "$",
            10,
          ],
          "type": "td",
        },
        Object {
          "instance": null,
          "key": undefined,
          "nodeType": "host",
          "props": Object {
            "children": "John",
          },
          "ref": null,
          "rendered": "John",
          "type": "td",
        },
      ],
      "type": "tr",
    },
  ],
  Symbol(enzyme.__options__): Object {
    "adapter": ReactSixteenAdapter {
      "options": Object {
        "enableComponentDidUpdateOnSetState": true,
        "lifecycles": Object {
          "componentDidUpdate": Object {
            "onSetState": true,
          },
          "getDerivedStateFromProps": true,
          "getSnapshotBeforeUpdate": true,
          "setState": Object {
            "skipsComponentDidUpdateOnNullish": true,
          },
        },
      },
    },
    "attachTo": undefined,
    "hydrateIn": undefined,
  },
}
`;
